[    0.000000] Initializing cgroup subsys cpuset
[    0.000000] Initializing cgroup subsys cpu
[    0.000000] Initializing cgroup subsys cpuacct
[    0.000000] Linux version 4.4.0-146-generic (buildd@lcy01-amd64-025) (gcc version 5.4.0 20160609 (Ubuntu 5.4.0-6ubuntu1~16.04.10) ) #172-Ubuntu SMP Wed Apr 3 09:00:08 UTC 2019 (Ubuntu 4.4.0-146.172-generic 4.4.177)
[    0.000000] Command line: BOOT_IMAGE=/boot/vmlinuz-4.4.0-146-generic root=LABEL=cloudimg-rootfs ro console=tty1 console=ttyS0
[    0.000000] KERNEL supported cpus:
[    0.000000]   Intel GenuineIntel
[    0.000000]   AMD AuthenticAMD
[    0.000000]   Centaur CentaurHauls
[    0.000000] x86/fpu: Supporting XSAVE feature 0x01: 'x87 floating point registers'
[    0.000000] x86/fpu: Supporting XSAVE feature 0x02: 'SSE registers'
[    0.000000] x86/fpu: Enabled xstate features 0x3, context size is 576 bytes, using 'standard' format.
[    0.000000] e820: BIOS-provided physical RAM map:
[    0.000000] BIOS-e820: [mem 0x0000000000000000-0x000000000009fbff] usable
[    0.000000] BIOS-e820: [mem 0x000000000009fc00-0x000000000009ffff] reserved
[    0.000000] BIOS-e820: [mem 0x00000000000f0000-0x00000000000fffff] reserved
[    0.000000] BIOS-e820: [mem 0x0000000000100000-0x000000003ffeffff] usable
[    0.000000] BIOS-e820: [mem 0x000000003fff0000-0x000000003fffffff] ACPI data
[    0.000000] BIOS-e820: [mem 0x00000000fec00000-0x00000000fec00fff] reserved
[    0.000000] BIOS-e820: [mem 0x00000000fee00000-0x00000000fee00fff] reserved
[    0.000000] BIOS-e820: [mem 0x00000000fffc0000-0x00000000ffffffff] reserved
[    0.000000] NX (Execute Disable) protection: active
[    0.000000] SMBIOS 2.5 present.
[    0.000000] Hypervisor detected: KVM
[    0.000000] e820: last_pfn = 0x3fff0 max_arch_pfn = 0x400000000
[    0.000000] MTRR: Disabled
[    0.000000] x86/PAT: MTRRs disabled, skipping PAT initialization too.
[    0.000000] CPU MTRRs all blank - virtualized system.
[    0.000000] x86/PAT: Configuration [0-7]: WB  WT  UC- UC  WB  WT  UC- UC  
[    0.000000] found SMP MP-table at [mem 0x0009fff0-0x0009ffff] mapped at [ffff88000009fff0]
[    0.000000] Scanning 1 areas for low memory corruption
[    0.000000] RAMDISK: [mem 0x362fa000-0x37174fff]
[    0.000000] ACPI: Early table checksum verification disabled
[    0.000000] ACPI: RSDP 0x00000000000E0000 000024 (v02 VBOX  )
[    0.000000] ACPI: XSDT 0x000000003FFF0030 00003C (v01 VBOX   VBOXXSDT 00000001 ASL  00000061)
[    0.000000] ACPI: FACP 0x000000003FFF00F0 0000F4 (v04 VBOX   VBOXFACP 00000001 ASL  00000061)
[    0.000000] ACPI: DSDT 0x000000003FFF0470 0022EA (v02 VBOX   VBOXBIOS 00000002 INTL 20100528)
[    0.000000] ACPI: FACS 0x000000003FFF0200 000040
[    0.000000] ACPI: FACS 0x000000003FFF0200 000040
[    0.000000] ACPI: APIC 0x000000003FFF0240 00005C (v02 VBOX   VBOXAPIC 00000001 ASL  00000061)
[    0.000000] ACPI: SSDT 0x000000003FFF02A0 0001CC (v01 VBOX   VBOXCPUT 00000002 INTL 20100528)
[    0.000000] No NUMA configuration found
[    0.000000] Faking a node at [mem 0x0000000000000000-0x000000003ffeffff]
[    0.000000] NODE_DATA(0) allocated [mem 0x3ffeb000-0x3ffeffff]
[    0.000000] kvm-clock: Using msrs 4b564d01 and 4b564d00
[    0.000000] kvm-clock: cpu 0, msr 0:3ffe3001, primary cpu clock
[    0.000000] kvm-clock: using sched offset of 5570698135 cycles
[    0.000000] clocksource: kvm-clock: mask: 0xffffffffffffffff max_cycles: 0x1cd42e4dffb, max_idle_ns: 881590591483 ns
[    0.000000] Zone ranges:
[    0.000000]   DMA      [mem 0x0000000000001000-0x0000000000ffffff]
[    0.000000]   DMA32    [mem 0x0000000001000000-0x000000003ffeffff]
[    0.000000]   Normal   empty
[    0.000000]   Device   empty
[    0.000000] Movable zone start for each node
[    0.000000] Early memory node ranges
[    0.000000]   node   0: [mem 0x0000000000001000-0x000000000009efff]
[    0.000000]   node   0: [mem 0x0000000000100000-0x000000003ffeffff]
[    0.000000] Initmem setup node 0 [mem 0x0000000000001000-0x000000003ffeffff]
[    0.000000] ACPI: PM-Timer IO Port: 0x4008
[    0.000000] IOAPIC[0]: apic_id 2, version 32, address 0xfec00000, GSI 0-23
[    0.000000] ACPI: INT_SRC_OVR (bus 0 bus_irq 0 global_irq 2 dfl dfl)
[    0.000000] ACPI: INT_SRC_OVR (bus 0 bus_irq 9 global_irq 9 low level)
[    0.000000] Using ACPI (MADT) for SMP configuration information
[    0.000000] smpboot: Allowing 2 CPUs, 0 hotplug CPUs
[    0.000000] PM: Registered nosave memory: [mem 0x00000000-0x00000fff]
[    0.000000] PM: Registered nosave memory: [mem 0x0009f000-0x0009ffff]
[    0.000000] PM: Registered nosave memory: [mem 0x000a0000-0x000effff]
[    0.000000] PM: Registered nosave memory: [mem 0x000f0000-0x000fffff]
[    0.000000] e820: [mem 0x40000000-0xfebfffff] available for PCI devices
[    0.000000] Booting paravirtualized kernel on KVM
[    0.000000] clocksource: refined-jiffies: mask: 0xffffffff max_cycles: 0xffffffff, max_idle_ns: 7645519600211568 ns
[    0.000000] setup_percpu: NR_CPUS:512 nr_cpumask_bits:512 nr_cpu_ids:2 nr_node_ids:1
[    0.000000] PERCPU: Embedded 34 pages/cpu @ffff88003fc00000 s99480 r8192 d31592 u1048576
[    0.000000] Built 1 zonelists in Node order, mobility grouping on.  Total pages: 257912
[    0.000000] Policy zone: DMA32
[    0.000000] Kernel command line: BOOT_IMAGE=/boot/vmlinuz-4.4.0-146-generic root=LABEL=cloudimg-rootfs ro console=tty1 console=ttyS0
[    0.000000] PID hash table entries: 4096 (order: 3, 32768 bytes)
[    0.000000] Memory: 997732K/1048120K available (8609K kernel code, 1334K rwdata, 4028K rodata, 1484K init, 1284K bss, 50388K reserved, 0K cma-reserved)
[    0.000000] SLUB: HWalign=64, Order=0-3, MinObjects=0, CPUs=2, Nodes=1
[    0.000000] Kernel/User page tables isolation: enabled
[    0.000000] Hierarchical RCU implementation.
[    0.000000] 	Build-time adjustment of leaf fanout to 64.
[    0.000000] 	RCU restricting CPUs from NR_CPUS=512 to nr_cpu_ids=2.
[    0.000000] RCU: Adjusting geometry for rcu_fanout_leaf=64, nr_cpu_ids=2
[    0.000000] NR_IRQS:33024 nr_irqs:440 16
[    0.000000] Console: colour VGA+ 80x25
[    0.000000] console [tty1] enabled
[    0.000000] console [ttyS0] enabled
[    0.000000] tsc: Detected 1696.072 MHz processor
[    0.237163] Calibrating delay loop (skipped) preset value.. 3392.14 BogoMIPS (lpj=6784288)
[    0.239744] pid_max: default: 32768 minimum: 301
[    0.241202] ACPI: Core revision 20150930
[    0.243975] ACPI: 2 ACPI AML tables successfully acquired and loaded
[    0.245968] Security Framework initialized
[    0.247295] Yama: becoming mindful.
[    0.248497] AppArmor: AppArmor initialized
[    0.249861] Dentry cache hash table entries: 131072 (order: 8, 1048576 bytes)
[    0.253395] Inode-cache hash table entries: 65536 (order: 7, 524288 bytes)
[    0.255373] Mount-cache hash table entries: 2048 (order: 2, 16384 bytes)
[    0.257306] Mountpoint-cache hash table entries: 2048 (order: 2, 16384 bytes)
[    0.259511] Initializing cgroup subsys io
[    0.260958] Initializing cgroup subsys memory
[    0.263063] Initializing cgroup subsys devices
[    0.264682] Initializing cgroup subsys freezer
[    0.266030] Initializing cgroup subsys net_cls
[    0.267349] Initializing cgroup subsys perf_event
[    0.268890] Initializing cgroup subsys net_prio
[    0.270725] Initializing cgroup subsys hugetlb
[    0.272730] Initializing cgroup subsys pids
[    0.276335] mce: CPU supports 0 MCE banks
[    0.277735] Last level iTLB entries: 4KB 1024, 2MB 1024, 4MB 1024
[    0.279549] Last level dTLB entries: 4KB 1024, 2MB 1024, 4MB 1024, 1GB 4
[    0.281857] Spectre V2 : Mitigation: Full generic retpoline
[    0.283452] Spectre V2 : Spectre v2 / SpectreRSB mitigation: Filling RSB on context switch
[    0.286598] Speculative Store Bypass: Vulnerable
[    0.293054] Freeing SMP alternatives memory: 36K
[    0.304466] ftrace: allocating 32287 entries in 127 pages
[    0.406714] smpboot: APIC(0) Converting physical 0 to logical package 0
[    0.408649] smpboot: Max logical packages: 1
[    0.410397] x2apic enabled
[    0.411776] Switched APIC routing to physical x2apic.
[    0.415295] ..TIMER: vector=0x30 apic1=0 pin1=2 apic2=-1 pin2=-1
[    0.524830] smpboot: CPU0: Intel(R) Pentium(R) 3558U @ 1.70GHz (family: 0x6, model: 0x45, stepping: 0x1)
[    0.528404] Performance Events: unsupported p6 CPU model 69 no PMU driver, software events only.
[    0.546510] KVM setup paravirtual spinlock
[    0.549110] x86: Booting SMP configuration:
[    0.550697] .... node  #0, CPUs:      #1
[    0.552292] kvm-clock: cpu 1, msr 0:3ffe3041, secondary cpu clock
[    0.583882] mce: CPU supports 0 MCE banks
[    0.604085] x86: Booted up 1 node, 2 CPUs
[    0.605735] smpboot: Total of 2 processors activated (6784.28 BogoMIPS)
[    0.609182] devtmpfs: initialized
[    0.613282] evm: security.selinux
[    0.614654] evm: security.SMACK64
[    0.615918] evm: security.SMACK64EXEC
[    0.618192] evm: security.SMACK64TRANSMUTE
[    0.624690] evm: security.SMACK64MMAP
[    0.626754] evm: security.ima
[    0.628530] evm: security.capability
[    0.631530] clocksource: jiffies: mask: 0xffffffff max_cycles: 0xffffffff, max_idle_ns: 7645041785100000 ns
[    0.635294] futex hash table entries: 512 (order: 3, 32768 bytes)
[    0.639277] pinctrl core: initialized pinctrl subsystem
[    0.641909] RTC time: 13:40:39, date: 05/04/19
[    0.644596] NET: Registered protocol family 16
[    0.657795] cpuidle: using governor ladder
[    0.671811] cpuidle: using governor menu
[    0.673295] PCCT header not found.
[    0.674675] ACPI: bus type PCI registered
[    0.676005] acpiphp: ACPI Hot Plug PCI Controller Driver version: 0.5
[    0.678454] PCI: Using configuration type 1 for base access
[    0.695236] ACPI: Added _OSI(Module Device)
[    0.696835] ACPI: Added _OSI(Processor Device)
[    0.698328] ACPI: Added _OSI(3.0 _SCP Extensions)
[    0.699923] ACPI: Added _OSI(Processor Aggregator Device)
[    0.703059] ACPI: Executed 1 blocks of module-level executable AML code
[    0.708802] ACPI: Interpreter enabled
[    0.710302] ACPI: (supports S0 S5)
[    0.711839] ACPI: Using IOAPIC for interrupt routing
[    0.714223] PCI: Using host bridge windows from ACPI; if necessary, use "pci=nocrs" and report a bug
[    0.724438] ACPI: PCI Root Bridge [PCI0] (domain 0000 [bus 00-ff])
[    0.726504] acpi PNP0A03:00: _OSC: OS supports [ASPM ClockPM Segments MSI]
[    0.729283] acpi PNP0A03:00: _OSC: not requesting OS control; OS requires [ExtendedConfig ASPM ClockPM MSI]
[    0.732581] acpi PNP0A03:00: fail to add MMCONFIG information, can't access extended PCI configuration space under this bridge.
[    0.737168] PCI host bridge to bus 0000:00
[    0.738677] pci_bus 0000:00: root bus resource [io  0x0000-0x0cf7 window]
[    0.741406] pci_bus 0000:00: root bus resource [io  0x0d00-0xffff window]
[    0.744407] pci_bus 0000:00: root bus resource [mem 0x000a0000-0x000bffff window]
[    0.747886] pci_bus 0000:00: root bus resource [mem 0x40000000-0xfdffffff window]
[    0.751638] pci_bus 0000:00: root bus resource [bus 00-ff]
[    0.757834] pci 0000:00:01.1: legacy IDE quirk: reg 0x10: [io  0x01f0-0x01f7]
[    0.761122] pci 0000:00:01.1: legacy IDE quirk: reg 0x14: [io  0x03f6]
[    0.763820] pci 0000:00:01.1: legacy IDE quirk: reg 0x18: [io  0x0170-0x0177]
[    0.766299] pci 0000:00:01.1: legacy IDE quirk: reg 0x1c: [io  0x0376]
[    0.805363] pci 0000:00:07.0: quirk: [io  0x4000-0x403f] claimed by PIIX4 ACPI
[    0.808317] pci 0000:00:07.0: quirk: [io  0x4100-0x410f] claimed by PIIX4 SMB
[    0.831637] ACPI: PCI Interrupt Link [LNKA] (IRQs 5 9 10 *11)
[    0.834939] ACPI: PCI Interrupt Link [LNKB] (IRQs 5 9 *10 11)
[    0.854274] ACPI: PCI Interrupt Link [LNKC] (IRQs 5 *9 10 11)
[    0.857004] ACPI: PCI Interrupt Link [LNKD] (IRQs 5 9 10 *11)
[    0.860160] ACPI: Enabled 2 GPEs in block 00 to 07
[    0.862313] vgaarb: setting as boot device: PCI:0000:00:02.0
[    0.863981] vgaarb: device added: PCI:0000:00:02.0,decodes=io+mem,owns=io+mem,locks=none
[    0.866653] vgaarb: loaded
[    0.867683] vgaarb: bridge control possible 0000:00:02.0
[    0.869791] SCSI subsystem initialized
[    0.871275] ACPI: bus type USB registered
[    0.872646] usbcore: registered new interface driver usbfs
[    0.874287] usbcore: registered new interface driver hub
[    0.875874] usbcore: registered new device driver usb
[    0.877795] PCI: Using ACPI for IRQ routing
[    0.879582] NetLabel: Initializing
[    0.880787] NetLabel:  domain hash size = 128
[    0.882231] NetLabel:  protocols = UNLABELED CIPSOv4
[    0.885079] NetLabel:  unlabeled traffic allowed by default
[    0.887331] amd_nb: Cannot enumerate AMD northbridges
[    0.890285] clocksource: Switched to clocksource kvm-clock
[    0.904011] AppArmor: AppArmor Filesystem Enabled
[    0.905600] pnp: PnP ACPI init
[    0.907891] pnp: PnP ACPI: found 3 devices
[    0.922658] clocksource: acpi_pm: mask: 0xffffff max_cycles: 0xffffff, max_idle_ns: 2085701024 ns
[    0.925927] NET: Registered protocol family 2
[    0.928286] TCP established hash table entries: 8192 (order: 4, 65536 bytes)
[    0.931133] TCP bind hash table entries: 8192 (order: 5, 131072 bytes)
[    0.933156] TCP: Hash tables configured (established 8192 bind 8192)
[    0.939306] UDP hash table entries: 512 (order: 2, 16384 bytes)
[    0.941025] UDP-Lite hash table entries: 512 (order: 2, 16384 bytes)
[    0.943869] NET: Registered protocol family 1
[    0.945396] pci 0000:00:00.0: Limiting direct PCI/PCI transfers
[    0.948342] pci 0000:00:01.0: Activating ISA DMA hang workarounds
[    0.951000] Unpacking initramfs...
[    1.435859] Freeing initrd memory: 14828K
[    1.437395] RAPL PMU detected, API unit is 2^-32 Joules, 4 fixed counters 10737418240 ms ovfl timer
[    1.440314] hw unit of domain pp0-core 2^-0 Joules
[    1.441753] hw unit of domain package 2^-0 Joules
[    1.443615] hw unit of domain dram 2^-0 Joules
[    1.444970] hw unit of domain pp1-gpu 2^-0 Joules
[    1.446587] platform rtc_cmos: registered platform RTC device (no PNP device found)
[    1.449350] Scanning for low memory corruption every 60 seconds
[    1.451754] audit: initializing netlink subsys (disabled)
[    1.453462] audit: type=2000 audit(1556977246.721:1): initialized
[    1.455790] Initialise system trusted keyring
[    1.457663] HugeTLB registered 2 MB page size, pre-allocated 0 pages
[    1.463892] zbud: loaded
[    1.465819] VFS: Disk quotas dquot_6.6.0
[    1.467908] VFS: Dquot-cache hash table entries: 512 (order 0, 4096 bytes)
[    1.472156] squashfs: version 4.0 (2009/01/31) Phillip Lougher
[    1.474572] fuse init (API version 7.23)
[    1.476386] Key type big_key registered
[    1.478415] Allocating IMA MOK and blacklist keyrings.
[    1.481446] Key type asymmetric registered
[    1.482832] Asymmetric key parser 'x509' registered
[    1.484371] Block layer SCSI generic (bsg) driver version 0.4 loaded (major 249)
[    1.486976] io scheduler noop registered
[    1.488315] io scheduler deadline registered (default)
[    1.489909] io scheduler cfq registered
[    1.491486] pci_hotplug: PCI Hot Plug PCI Core version: 0.5
[    1.493257] pciehp: PCI Express Hot Plug Controller Driver version: 0.4
[    1.495875] ACPI: AC Adapter [AC] (on-line)
[    1.497338] input: Power Button as /devices/LNXSYSTM:00/LNXPWRBN:00/input/input0
[    1.500236] ACPI: Power Button [PWRF]
[    1.501603] input: Sleep Button as /devices/LNXSYSTM:00/LNXSLPBN:00/input/input1
[    1.504503] ACPI: Sleep Button [SLPF]
[    1.506089] GHES: HEST is not enabled!
[    1.507837] ACPI: Battery Slot [BAT0] (battery present)
[    1.507908] Serial: 8250/16550 driver, 32 ports, IRQ sharing enabled
[    1.531096] 00:02: ttyS0 at I/O 0x3f8 (irq = 4, base_baud = 115200) is a 16550A
[    1.537078] Linux agpgart interface v0.103
[    1.547877] loop: module loaded
[    1.552016] scsi host0: ata_piix
[    1.555295] scsi host1: ata_piix
[    1.556520] ata1: PATA max UDMA/33 cmd 0x1f0 ctl 0x3f6 bmdma 0xd000 irq 14
[    1.558926] ata2: PATA max UDMA/33 cmd 0x170 ctl 0x376 bmdma 0xd008 irq 15
[    1.562694] libphy: Fixed MDIO Bus: probed
[    1.564174] tun: Universal TUN/TAP device driver, 1.6
[    1.566130] tun: (C) 1999-2004 Max Krasnyansky <maxk@qualcomm.com>
[    1.569011] PPP generic driver version 2.4.2
[    1.571303] ehci_hcd: USB 2.0 'Enhanced' Host Controller (EHCI) Driver
[    1.574045] ehci-pci: EHCI PCI platform driver
[    1.575559] ehci-platform: EHCI generic platform driver
[    1.577634] ohci_hcd: USB 1.1 'Open' Host Controller (OHCI) Driver
[    1.579563] ohci-pci: OHCI PCI platform driver
[    1.580970] ohci-platform: OHCI generic platform driver
[    1.582550] uhci_hcd: USB Universal Host Controller Interface driver
[    1.584585] i8042: PNP: PS/2 Controller [PNP0303:PS2K,PNP0f03:PS2M] at 0x60,0x64 irq 1,12
[    1.587761] serio: i8042 KBD port at 0x60,0x64 irq 1
[    1.590841] serio: i8042 AUX port at 0x60,0x64 irq 12
[    1.594133] mousedev: PS/2 mouse device common for all mice
[    1.597209] input: AT Translated Set 2 keyboard as /devices/platform/i8042/serio0/input/input2
[    1.600221] rtc_cmos rtc_cmos: rtc core: registered rtc_cmos as rtc0
[    1.603066] rtc_cmos rtc_cmos: alarms up to one day, 114 bytes nvram
[    1.605340] i2c /dev entries driver
[    1.606606] device-mapper: uevent: version 1.0.3
[    1.608258] device-mapper: ioctl: 4.34.0-ioctl (2015-10-28) initialised: dm-devel@redhat.com
[    1.611288] ledtrig-cpu: registered to indicate activity on CPUs
[    1.613601] NET: Registered protocol family 10
[    1.615400] NET: Registered protocol family 17
[    1.616933] Key type dns_resolver registered
[    1.618955] registered taskstats version 1
[    1.620265] Loading compiled-in X.509 certificates
[    1.622803] Loaded X.509 cert 'Build time autogenerated kernel key: 4dcb2dc2c7cf43e0c20c44384f68683c20294489'
[    1.625678] zswap: loaded using pool lzo/zbud
[    1.630492] Key type trusted registered
[    1.637447] Key type encrypted registered
[    1.638753] AppArmor: AppArmor sha1 policy hashing enabled
[    1.640479] ima: No TPM chip found, activating TPM-bypass!
[    1.642079] ima: Allocated hash algorithm: sha1
[    1.643714] evm: HMAC attrs: 0x1
[    1.645333]   Magic number: 3:803:684
[    1.646550] mem full: hash matches
[    1.647901] rtc_cmos rtc_cmos: setting system clock to 2019-05-04 13:40:40 UTC (1556977240)
[    1.651657] BIOS EDD facility v0.16 2004-Jun-25, 0 devices found
[    1.654140] EDD information not available.
[    1.720073] Freeing unused kernel memory: 1484K
[    1.721834] Write protecting the kernel read-only data: 14336k
[    1.724822] Freeing unused kernel memory: 1620K
[    1.726938] Freeing unused kernel memory: 68K
Loading, please wait...
starting version 229
[    1.756365] random: systemd-udevd: uninitialized urandom read (16 bytes read, 2 bits of entropy available)
[    1.757023] random: udevadm: uninitialized urandom read (16 bytes read, 2 bits of entropy available)
[    1.757051] random: udevadm: uninitialized urandom read (16 bytes read, 2 bits of entropy available)
[    1.777202] random: udevadm: uninitialized urandom read (16 bytes read, 2 bits of entropy available)
[    1.777267] random: udevadm: uninitialized urandom read (16 bytes read, 2 bits of entropy available)
[    1.777469] random: udevadm: uninitialized urandom read (16 bytes read, 2 bits of entropy available)
[    1.777547] random: udevadm: uninitialized urandom read (16 bytes read, 2 bits of entropy available)
[    1.777620] random: udevadm: uninitialized urandom read (16 bytes read, 2 bits of entropy available)
[    1.777691] random: udevadm: uninitialized urandom read (16 bytes read, 2 bits of entropy available)
[    1.777766] random: udevadm: uninitialized urandom read (16 bytes read, 2 bits of entropy available)
[    1.931751] e1000: Intel(R) PRO/1000 Network Driver - version 7.3.21-k8-NAPI
[    1.937006] e1000: Copyright (c) 1999-2006 Intel Corporation.
[    1.964160] Fusion MPT base driver 3.04.20
[    1.966330] Copyright (c) 1999-2008 LSI Corporation
[    1.974836] Fusion MPT SPI Host driver 3.04.20
[    2.165736] input: ImExPS/2 Generic Explorer Mouse as /devices/platform/i8042/serio1/input/input4
[    2.424003] e1000 0000:00:03.0 eth0: (PCI:33MHz:32-bit) 02:ff:01:e3:7b:4e
[    2.426438] e1000 0000:00:03.0 eth0: Intel(R) PRO/1000 Network Connection
[    2.429496] mptbase: ioc0: Initiating bringup
[    2.451731] tsc: Refined TSC clocksource calibration: 1702.581 MHz
[    2.454462] clocksource: tsc: mask: 0xffffffffffffffff max_cycles: 0x188aad802e5, max_idle_ns: 440795283631 ns
[    3.082864] ioc0: LSI53C1030 A0: Capabilities={Initiator}
[    3.295194] scsi host2: ioc0: LSI53C1030 A0, FwRev=00000000h, Ports=1, MaxQ=256, IRQ=20
[    3.475870] scsi 2:0:0:0: Direct-Access     VBOX     HARDDISK         1.0  PQ: 0 ANSI: 5
[    3.486455] scsi target2:0:0: Beginning Domain Validation
[    3.495712] scsi target2:0:0: Domain Validation skipping write tests
[    3.500362] scsi target2:0:0: Ending Domain Validation
[    3.503339] scsi target2:0:0: asynchronous
[    3.505690] scsi 2:0:1:0: Direct-Access     VBOX     HARDDISK         1.0  PQ: 0 ANSI: 5
[    3.509175] scsi target2:0:1: Beginning Domain Validation
[    3.513989] scsi target2:0:1: Domain Validation skipping write tests
[    3.517099] scsi target2:0:1: Ending Domain Validation
[    3.519575] scsi target2:0:1: asynchronous
[    3.568169] sd 2:0:0:0: [sda] 20971520 512-byte logical blocks: (10.7 GB/10.0 GiB)
[    3.571900] sd 2:0:0:0: Attached scsi generic sg0 type 0
[    3.574858] sd 2:0:1:0: [sdb] 20480 512-byte logical blocks: (10.5 MB/10.0 MiB)
[    3.579964] sd 2:0:1:0: Attached scsi generic sg1 type 0
[    3.582973] sd 2:0:0:0: [sda] Write Protect is off
[    3.585079] sd 2:0:1:0: [sdb] Write Protect is off
[    3.587485] sd 2:0:0:0: [sda] Incomplete mode parameter data
[    3.589985] sd 2:0:0:0: [sda] Assuming drive cache: write through
[    3.592687] sd 2:0:1:0: [sdb] Incomplete mode parameter data
[    3.596000] sd 2:0:1:0: [sdb] Assuming drive cache: write through
[    3.616960]  sda: sda1
[    3.619339] sd 2:0:0:0: [sda] Attached SCSI disk
[    3.639478] sd 2:0:1:0: [sdb] Attached SCSI disk
[    3.921959] e1000 0000:00:08.0 eth1: (PCI:33MHz:32-bit) 08:00:27:d5:bf:7e
[    3.924319] e1000 0000:00:08.0 eth1: Intel(R) PRO/1000 Network Connection
[    3.928122] e1000 0000:00:03.0 enp0s3: renamed from eth0
[    3.943883] e1000 0000:00:08.0 enp0s8: renamed from eth1
Begin: Loading essential drivers ... [    5.558270] md: linear personality registered for level -1
[    5.564947] md: multipath personality registered for level -4
[    5.571909] md: raid0 personality registered for level 0
[    5.581791] md: raid1 personality registered for level 1
[    5.658517] raid6: sse2x1   gen()  4812 MB/s
[    5.726832] raid6: sse2x1   xor()  3888 MB/s
[    5.794904] raid6: sse2x2   gen()  6328 MB/s
[    5.862681] raid6: sse2x2   xor()  3689 MB/s
[    5.930646] raid6: sse2x4   gen()  6138 MB/s
[    5.998620] raid6: sse2x4   xor()  5056 MB/s
[    5.999999] raid6: using algorithm sse2x2 gen() 6328 MB/s
[    6.001610] raid6: .... xor() 3689 MB/s, rmw enabled
[    6.003113] raid6: using ssse3x2 recovery algorithm
[    6.006248] xor: measuring software checksum speed
[    6.046500]    prefetch64-sse: 11022.000 MB/sec
[    6.086683]    generic_sse:  9845.000 MB/sec
[    6.088880] xor: using function: prefetch64-sse (11022.000 MB/sec)
[    6.092804] async_tx: api initialized (async)
[    6.118345] md: raid6 personality registered for level 6
[    6.123778] md: raid5 personality registered for level 5
[    6.125296] md: raid4 personality registered for level 4
[    6.141847] md: raid10 personality registered for level 10
done.
Begin: Running /scripts/init-premount ... done.
Begin: Mounting root file system ... Begin: Running /scripts/local-top ... done.
Begin: Running /scripts/local-premount ... [    6.206642] Btrfs loaded
Scanning for Btrfs filesystems
done.
Warning: fsck not present, so skipping root file system
[    6.429485] EXT4-fs (sda1): mounted filesystem with ordered data mode. Opts: (null)
done.
Begin: Running /scripts/local-bottom ... done.
Begin: Running /scripts/init-bottom ... done.
[    7.291627] systemd[1]: systemd 229 running in system mode. (+PAM +AUDIT +SELINUX +IMA +APPARMOR +SMACK +SYSVINIT +UTMP +LIBCRYPTSETUP +GCRYPT +GNUTLS +ACL +XZ -LZ4 +SECCOMP +BLKID +ELFUTILS +KMOD -IDN)
[    7.297703] systemd[1]: Detected virtualization oracle.
[    7.299334] systemd[1]: Detected architecture x86-64.

Welcome to [1mUbuntu 16.04.6 LTS[0m!

[    7.352401] systemd[1]: Set hostname to <ubuntu-xenial>.
[    7.688753] random: nonblocking pool is initialized
[    8.666214] systemd[1]: Started Trigger resolvconf update for networkd DNS.
[[0;32m  OK  [0m] Started Trigger resolvconf update for networkd DNS.
[    8.669967] systemd[1]: Reached target Swap.
[[0;32m  OK  [0m] Reached target Swap.
[    8.672467] systemd[1]: Listening on Syslog Socket.
[[0;32m  OK  [0m] Listening on Syslog Socket.
[    8.675267] systemd[1]: Listening on Device-mapper event daemon FIFOs.
[[0;32m  OK  [0m] Listening on Device-mapper event daemon FIFOs.
[    8.678985] systemd[1]: Set up automount Arbitrary Executable File Formats File System Automount Point.
[[0;32m  OK  [0m] Set up automount Arbitrary Executab...ats File System Automount Point.
[    8.691338] systemd[1]: Reached target Encrypted Volumes.
[[0;32m  OK  [0m] Reached target Encrypted Volumes.
[    8.703545] systemd[1]: Created slice User and Session Slice.
[[0;32m  OK  [0m] Created slice User and Session Slice.
[    8.706925] systemd[1]: Reached target System Time Synchronized.
[[0;32m  OK  [0m] Reached target System Time Synchronized.
[    8.710794] systemd[1]: Listening on LVM2 poll daemon socket.
[[0;32m  OK  [0m] Listening on LVM2 poll daemon socket.
[    8.719565] systemd[1]: Listening on LVM2 metadata daemon socket.
[[0;32m  OK  [0m] Listening on LVM2 metadata daemon socket.
[    8.723181] systemd[1]: Listening on Journal Audit Socket.
[[0;32m  OK  [0m] Listening on Journal Audit Socket.
[    8.730598] systemd[1]: Started Forward Password Requests to Wall Directory Watch.
[[0;32m  OK  [0m] Started Forward Password Requests to Wall Directory Watch.
[    8.735970] systemd[1]: Created slice System Slice.
[[0;32m  OK  [0m] Created slice System Slice.
[    8.738646] systemd[1]: Reached target User and Group Name Lookups.
[[0;32m  OK  [0m] Reached target User and Group Name Lookups.
[    8.742898] systemd[1]: Created slice system-serial\x2dgetty.slice.
[[0;32m  OK  [0m] Created slice system-serial\x2dgetty.slice.
[    8.746525] systemd[1]: Listening on Journal Socket (/dev/log).
[[0;32m  OK  [0m] Listening on Journal Socket (/dev/log).
[    8.754832] systemd[1]: Reached target Slices.
[[0;32m  OK  [0m] Reached target Slices.
[    8.762736] systemd[1]: Listening on Journal Socket.
[[0;32m  OK  [0m] Listening on Journal Socket.
[    8.775547] systemd[1]: Starting Uncomplicated firewall...
         Starting Uncomplicated firewall...
[    8.779822] systemd[1]: Starting Monitoring of LVM2 mirrors, snapshots etc. using dmeventd or progress polling...
         Starting Monitoring of LVM2 mirrors... dmeventd or progress polling...
[    8.785877] systemd[1]: Mounting Huge Pages File System...
         Mounting Huge Pages File System...
[    8.790768] systemd[1]: Starting Create list of required static device nodes for the current kernel...
         Starting Create list of required st... nodes for the current kernel...
[    8.797184] systemd[1]: Starting Nameserver information manager...
         Starting Nameserver information manager...
[    8.808066] systemd[1]: Mounting POSIX Message Queue File System...
         Mounting POSIX Message Queue File System...
[    8.812802] systemd[1]: Starting Journal Service...
         Starting Journal Service...
[    8.816666] systemd[1]: Starting Remount Root and Kernel File Systems...
         Starting Remount Root and Kernel File Systems...
[    8.822624] systemd[1]: Mounting Debug File System...
         Mounting Debug File System...
[    8.827121] systemd[1]: Starting Set console keymap...
         Starting Set console keymap...
[    8.830967] systemd[1]: Listening on udev Control Socket.
[[0;32m  OK  [0m] Listening on udev Control Socket.
[    8.919290] systemd[1]: Listening on /dev/initctl Compatibility Named Pipe.
[[0;32m  OK  [0m] Listening on /dev/initctl Compatibility Named Pipe.
[    9.006633] systemd[1]: Starting Load Kernel Modules...
         Starting Load Kernel Modules...
[    9.009750] systemd[1]: Listening on udev Kernel Socket.
[[0;32m  OK  [0m] Listening on udev Kernel Socket.
[    9.021517] systemd[1]: Started Uncomplicated firewall.
[[0;32m  OK  [0m] Started Uncomplicated firewall.
[    9.032480] systemd[1]: Started Create list of required static device nodes for the current kernel.
[[0;32m  OK  [0m] Started Create list of required sta...ce nodes for the current kernel.
[    9.078767] systemd[1]: Starting Create Static Device Nodes in /dev...
         Starting Create Static Device Nodes in /dev...
[    9.083775] EXT4-fs (sda1): re-mounted. Opts: (null)
[    9.089067] systemd[1]: Mounted Debug File System.
[[0;32m  OK  [0m] Mounted Debug File System.
[    9.093296] systemd[1]: Mounted Huge Pages File System.
[[0;32m  OK  [0m] Mounted Huge Pages File System.
[    9.096376] systemd[1]: Mounted POSIX Message Queue File System.
[[0;32m  OK  [0m] Mounted POSIX Message Queue File System.
[    9.120187] systemd[1]: Started Remount Root and Kernel File Systems.
[[0;32m  OK  [0m] Started Remount Root and Kernel File Systems.
[    9.190927] systemd[1]: Starting udev Coldplug all Devices...
         Starting udev Coldplug all Devices...
[    9.197182] systemd[1]: Starting Load/Save Random Seed...
         Starting Load/Save Random Seed...
[    9.203286] systemd[1]: Started Nameserver information manager.
[[0;32m  OK  [0m] Started Nameserver information manager.
[    9.265764] Loading iSCSI transport class v2.0-870.
[    9.314823] systemd[1]: Started LVM2 metadata daemon.
[[0;32m  OK  [0m] Started LVM2 metadata daemon.
[    9.366061] systemd[1]: Started udev Coldplug all Devices.
[[0;32m  OK  [0m] Started udev Coldplug all Devices.
[    9.390006] systemd[1]: Started Load/Save Random Seed.
[[0;32m  OK  [0m] Started Load/Save Random Seed.
[    9.429292] systemd[1]: Started Journal Service.
[[0;32m  OK  [0m] Started Journal Service.
[[0;32m  OK  [0m] Started Set console keymap.
         Starting Flush Journal to Persistent Storage...
[    9.471519] iscsi: registered transport (tcp)
[    9.620672] systemd-journald[368]: Received request to flush runtime journal from PID 1
[[0;32m  OK  [0m] Started Flush Journal to Persistent Storage.
[    9.829007] iscsi: registered transport (iser)
[[0;32m  OK  [0m] Started Load Kernel Modules.
         Mounting FUSE Control File System...
         Starting Apply Kernel Variables...
[[0;32m  OK  [0m] Mounted FUSE Control File System.
[[0;32m  OK  [0m] Started Create Static Device Nodes in /dev.
         Starting udev Kernel Device Manager...
[[0;32m  OK  [0m] Started Monitoring of LVM2 mirrors,...ng dmeventd or progress polling.
[[0;32m  OK  [0m] Reached target Local File Systems (Pre).
[[0;32m  OK  [0m] Reached target Local File Systems.
         Starting Create Volatile Files and Directories...
         Starting Tell Plymouth To Write Out Runtime Data...
         Starting Initial cloud-init job (pre-networking)...
         Starting LSB: AppArmor initialization...
         Starting Set console font and keymap...
[[0;32m  OK  [0m] Started Apply Kernel Variables.
[[0;32m  OK  [0m] Started Tell Plymouth To Write Out Runtime Data.
[[0;32m  OK  [0m] Started Create Volatile Files and Directories.
         Starting Update UTMP about System Boot/Shutdown...
[[0;32m  OK  [0m] Started Update UTMP about System Boot/Shutdown.
[[0;32m  OK  [0m] Started Set console font and keymap.
[[0;32m  OK  [0m] Created slice system-getty.slice.
[[0;32m  OK  [0m] Started udev Kernel Device Manager.
[[0;32m  OK  [0m] Started Dispatch Password Requests to Console Directory Watch.
[[0;32m  OK  [0m] Found device /dev/ttyS0.
[[0;32m  OK  [0m] Listening on Load/Save RF Kill Switch Status /dev/rfkill Watch.
[[0;32m  OK  [0m] Found device 82540EM Gigabit Ethern...r (PRO/1000 MT Desktop Adapter).
[[0;32m  OK  [0m] Found device 82540EM Gigabit Ethern...r (PRO/1000 MT Desktop Adapter).
[[0;32m  OK  [0m] Started LSB: AppArmor initialization.
[   18.833180] cloud-init[456]: Cloud-init v. 18.5-45-g3554ffe8-0ubuntu1~16.04.1 running 'init-local' at Sat, 04 May 2019 13:40:57 +0000. Up 18.04 seconds.
[[0;32m  OK  [0m] Started Initial cloud-init job (pre-networking).
[[0;32m  OK  [0m] Reached target Network (Pre).
[[0;32m  OK  [0m] Started ifup for enp0s3.
[[0;32m  OK  [0m] Started ifup for enp0s8.
         Starting Raise network interfaces...
[[0;32m  OK  [0m] Started Raise network interfaces.
         Starting Initial cloud-init job (metadata service crawler)...
[[0;32m  OK  [0m] Reached target Network.
[   20.783153] cloud-init[1066]: Cloud-init v. 18.5-45-g3554ffe8-0ubuntu1~16.04.1 running 'init' at Sat, 04 May 2019 13:40:59 +0000. Up 19.89 seconds.
[   20.788324] cloud-init[1066]: ci-info: ++++++++++++++++++++++++++++++++++++++Net device info+++++++++++++++++++++++++++++++++++++++
[   20.793139] cloud-init[1066]: ci-info: +--------+------+-----------------------------+---------------+--------+-------------------+
[   20.797134] cloud-init[1066]: ci-info: | Device |  Up  |           Address           |      Mask     | Scope  |     Hw-Address    |
[   20.800041] cloud-init[1066]: ci-info: +--------+------+-----------------------------+---------------+--------+-------------------+
[   20.803503] cloud-init[1066]: ci-info: | enp0s3 | True |          10.0.2.15          | 255.255.255.0 | global | 02:ff:01:e3:7b:4e |
[   20.806373] cloud-init[1066]: ci-info: | enp0s3 | True |  fe80::ff:1ff:fee3:7b4e/64  |       .       |  link  | 02:ff:01:e3:7b:4e |
[   20.810089] cloud-init[1066]: ci-info: | enp0s8 | True |        192.168.33.11        | 255.255.255.0 | global | 08:00:27:d5:bf:7e |
[   20.813510] cloud-init[1066]: ci-info: | enp0s8 | True | fe80::a00:27ff:fed5:bf7e/64 |       .       |  link  | 08:00:27:d5:bf:7e |
[   20.816233] cloud-init[1066]: ci-info: |   lo   | True |          127.0.0.1          |   255.0.0.0   |  host  |         .         |
[   20.818907] cloud-init[1066]: ci-info: |   lo   | True |           ::1/128           |       .       |  host  |         .         |
[   20.821433] cloud-init[1066]: ci-info: +--------+------+-----------------------------+---------------+--------+-------------------+
[   20.824114] cloud-init[1066]: ci-info: ++++++++++++++++++++++++++++Route IPv4 info++++++++++++++++++++++++++++
[   20.826513] cloud-init[1066]: ci-info: +-------+--------------+----------+---------------+-----------+-------+
[   20.828964] cloud-init[1066]: ci-info: | Route | Destination  | Gateway  |    Genmask    | Interface | Flags |
[   20.832874] cloud-init[1066]: ci-info: +-------+--------------+----------+---------------+-----------+-------+
[   20.835762] cloud-init[1066]: ci-info: |   0   |   0.0.0.0    | 10.0.2.2 |    0.0.0.0    |   enp0s3  |   UG  |
[   20.838717] cloud-init[1066]: ci-info: |   1   |   10.0.2.0   | 0.0.0.0  | 255.255.255.0 |   enp0s3  |   U   |
[   20.841255] cloud-init[1066]: ci-info: |   2   | 192.168.33.0 | 0.0.0.0  | 255.255.255.0 |   enp0s8  |   U   |
[   20.845092] cloud-init[1066]: ci-info: +-------+--------------+----------+---------------+-----------+-------+
[   20.852253] cloud-init[1066]: ci-info: +++++++++++++++++++Route IPv6 info+++++++++++++++++++
[   20.855831] cloud-init[1066]: ci-info: +-------+-------------+---------+-----------+-------+
[   20.859395] cloud-init[1066]: ci-info: | Route | Destination | Gateway | Interface | Flags |
[   20.863132] cloud-init[1066]: ci-info: +-------+-------------+---------+-----------+-------+
[   20.866655] cloud-init[1066]: ci-info: |   0   |  fe80::/64  |    ::   |   enp0s8  |   U   |
[   20.870167] cloud-init[1066]: ci-info: |   1   |  fe80::/64  |    ::   |   enp0s3  |   U   |
[   20.884930] cloud-init[1066]: ci-info: |   4   |   ff00::/8  |    ::   |   enp0s8  |   U   |
[   20.889529] cloud-init[1066]: ci-info: |   5   |   ff00::/8  |    ::   |   enp0s3  |   U   |
[   20.891819] cloud-init[1066]: ci-info: +-------+-------------+---------+-----------+-------+
[[0;32m  OK  [0m] Started Initial cloud-init job (metadata service crawler).
[[0;32m  OK  [0m] Reached target System Initialization.
[[0;32m  OK  [0m] Started ACPI Events Check.
[[0;32m  OK  [0m] Reached target Paths.
         Starting LXD - unix socket.
[[0;32m  OK  [0m] Listening on ACPID Listen Socket.
[[0;32m  OK  [0m] Listening on UUID daemon activation socket.
         Starting Socket activation for snappy daemon.
[[0;32m  OK  [0m] Listening on D-Bus System Message Bus Socket.
[[0;32m  OK  [0m] Started Daily apt download activities.
[[0;32m  OK  [0m] Started Daily apt upgrade and clean activities.
[[0;32m  OK  [0m] Started Clean PHP session files every 30 mins.
[[0;32m  OK  [0m] Started Daily Cleanup of Temporary Directories.
[[0;32m  OK  [0m] Reached target Timers.
[[0;32m  OK  [0m] Reached target Network is Online.
         Starting iSCSI initiator daemon (iscsid)...
[[0;32m  OK  [0m] Reached target Cloud-config availability.
[[0;32m  OK  [0m] Listening on LXD - unix socket.
[[0;32m  OK  [0m] Listening on Socket activation for snappy daemon.
[[0;32m  OK  [0m] Reached target Sockets.
[[0;32m  OK  [0m] Reached target Basic System.
[[0;32m  OK  [0m] Started Deferred execution scheduler.
         Starting LSB: MD monitoring daemon...
         Starting System Logging Service...
         Starting A high performance web server and a reverse proxy server...
         Starting Login Service...
[[0;32m  OK  [0m] Started Regular background program processing daemon.
         Starting MySQL Community Server...
[[0;32m  OK  [0m] Started D-Bus System Message Bus.
[[0;32m  OK  [0m] Started ACPI event daemon.
[[0;32m  OK  [0m] Started FUSE filesystem for LXC.
         Starting Virtualbox guest utils...
         Starting OpenBSD Secure Shell server...
         Starting Accounts Service...
         Starting Clean php session files...
         Starting The PHP 7.1 FastCGI Process Manager...
         Starting Snappy daemon...
         Starting LSB: Record successful boot for GRUB...
         Starting /etc/rc.local Compatibility...
         Starting LXD - container startup/shutdown...
[[0;32m  OK  [0m] Started System Logging Service.
[[0;32m  OK  [0m] Started /etc/rc.local Compatibility.
[[0;32m  OK  [0m] Started Login Service.
[[0;32m  OK  [0m] Started Unattended Upgrades Shutdown.
[[0;32m  OK  [0m] Started iSCSI initiator daemon (iscsid).
         Starting Login to default iSCSI targets...
[[0;32m  OK  [0m] Started LSB: MD monitoring daemon.
[[0;32m  OK  [0m] Started LSB: Record successful boot for GRUB.
[[0;32m  OK  [0m] Started Login to default iSCSI targets.
[[0;32m  OK  [0m] Reached target Remote File Systems (Pre).
[[0;32m  OK  [0m] Reached target Remote File Systems.
         Starting LSB: Set the CPU Frequency Scaling governor to "ondemand"...
         Starting LSB: daemon to balance interrupts for SMP systems...
         Starting Permit User Sessions...
         Starting LSB: automatic crash report generation...
[[0;32m  OK  [0m] Started LSB: Set the CPU Frequency Scaling governor to "ondemand".
[[0;32m  OK  [0m] Started Permit User Sessions.
         Starting Hold until boot process finishes up...
         Starting Terminate Plymouth Boot Screen...
[[0;32m  OK  [0m] Started Hold until boot process finishes up.
[[0;32m  OK  [0m] Started Terminate Plymouth Boot Screen.
[[0;32m  OK  [0m] Started Getty on tty1.
[[0;32m  OK  [0m] Started Serial Getty on ttyS0.
[[0;32m  OK  [0m] Reached target Login Prompts.
         Starting Set console scheme...
[[0;32m  OK  [0m] Started Set console scheme.
[[0;32m  OK  [0m] Started LSB: automatic crash report generation.
[[0;32m  OK  [0m] Started LSB: daemon to balance interrupts for SMP systems.
[[0;32m  OK  [0m] Started Virtualbox guest utils.
[[0;32m  OK  [0m] Started OpenBSD Secure Shell server.
[[0;32m  OK  [0m] Started A high performance web server and a reverse proxy server.
         Starting Authenticate and Authorize Users to Run Privileged Tasks...
[[0;32m  OK  [0m] Started Authenticate and Authorize Users to Run Privileged Tasks.
[[0;32m  OK  [0m] Started Accounts Service.

Ubuntu 16.04.6 LTS ubuntu-xenial ttyS0

ubuntu-xenial login: [   36.415508] cloud-init[1385]: Cloud-init v. 18.5-45-g3554ffe8-0ubuntu1~16.04.1 running 'modules:config' at Sat, 04 May 2019 13:41:14 +0000. Up 35.23 seconds.
[   43.700108] cloud-init[1471]: Cloud-init v. 18.5-45-g3554ffe8-0ubuntu1~16.04.1 running 'modules:final' at Sat, 04 May 2019 13:41:22 +0000. Up 43.45 seconds.
[   43.700665] cloud-init[1471]: Cloud-init v. 18.5-45-g3554ffe8-0ubuntu1~16.04.1 finished at Sat, 04 May 2019 13:41:22 +0000. Datasource DataSourceNoCloud [seed=/dev/sdb][dsmode=net].  Up 43.69 seconds
